// Jest Snapshot v1, https://goo.gl/fbAQLP

exports[`matches snapshot 1`] = `
<div
  className="header"
  data-testid="header"
>
  <div
    className="header__container"
  >
    <div
      className="header__link"
    >
      <div
        className="header__box"
      >
        <img
          alt="geo"
          className="header__geo"
          src="geo.png"
        />
        <div>
          <p
            className="up__adress"
          >
            г. Кокчетав, ул. Ж. Ташенова 129Б
          </p>
          <p
            className="sub__adress"
          >
            (Рынок Восточный)
          </p>
        </div>
      </div>
      <div
        className="header__box"
      >
        <img
          alt="geo"
          className="header__mail"
          src="mail.png"
        />
        <div>
          <p
            className="up__adress"
          >
            opt.sultan@mail.ru
          </p>
          <p
            className="sub__adress"
          >
            На связи в любое время
          </p>
        </div>
      </div>
      <ul
        className="header__list"
      >
        <li
          className="header__item"
        >
          <a>
            О компании
          </a>
        </li>
        <li
          className="header__item"
        >
          <a>
            Доставка и оплата
          </a>
        </li>
        <li
          className="header__item"
        >
          <a>
            Возврат
          </a>
        </li>
        <li
          className="header__item"
        >
          <a>
            Контакты
          </a>
        </li>
      </ul>
    </div>
    <hr
      id="one__line"
    />
    <div
      className="header__contact"
    >
      <a
        aria-current="page"
        className="active"
        href="/"
        onClick={[Function]}
      >
        <img
          alt="logo"
          className="header__logo"
          src="logo.png"
        />
      </a>
      <a
        className="header__catalog"
        href="/catalog"
        onClick={[Function]}
      >
        Каталог
        <img
          alt="catalog"
          src="catalog.png"
        />
      </a>
      <div
        className="header__search"
      >
        <input
          className="header__input"
          onChange={[Function]}
          placeholder="Поиск..."
          type="search"
        />
        <button
          className="header__searchBtn"
        >
          <img
            alt="search"
            src="search.png"
          />
        </button>
      </div>
      <div
        className="header__tel"
      >
        <div
          className="header__call"
        >
          <p
            className="up__call"
          >
            +7 (777) 490-00-91
          </p>
          <p
            className="sub__call"
          >
            время работы: 9:00-20:00
          </p>
          <a>
            Заказать звонок
          </a>
        </div>
        <img
          alt="caller"
          className="header__caller"
          src="call.png"
        />
      </div>
      <a
        className="header__price"
      >
        Прайс-лист
        <img
          alt="download"
          src="download.png"
        />
      </a>
      <a
        className="header__basket"
        href="/basket"
        onClick={[Function]}
      >
        <img
          alt="basket"
          className="basket__img"
          src="basket.png"
        />
        <p
          className="basket__num"
        >
          0
        </p>
        <div
          className="basket__box"
        >
          <p
            className="basket__name"
          >
            Корзина
          </p>
          <p
            className="basket__price"
          >
            0
             
            ₸
          </p>
        </div>
      </a>
    </div>
    <hr
      id="two__line"
    />
  </div>
</div>
`;
